/home/jean/STM32CubeIDE/workspace_1.12.1/STM32WLE5_LL_Example/Driver/CMSIS/Include/core_cm4.h:1679:22:__NVIC_EnableIRQ	16	static,ignoring_inline_asm
/home/jean/STM32CubeIDE/workspace_1.12.1/STM32WLE5_LL_Example/Driver/CMSIS/Include/core_cm4.h:1809:22:__NVIC_SetPriority	16	static
/home/jean/STM32CubeIDE/workspace_1.12.1/STM32WLE5_LL_Example/Driver/CMSIS/Include/core_cm4.h:1831:26:__NVIC_GetPriority	16	static
/home/jean/STM32CubeIDE/workspace_1.12.1/STM32WLE5_LL_Example/Driver/STM32WLxx_HAL_Driver/Inc/stm32wlxx_ll_rcc.h:2096:22:LL_RCC_SetI2CClockSource	16	static
/home/jean/STM32CubeIDE/workspace_1.12.1/STM32WLE5_LL_Example/Driver/STM32WLxx_HAL_Driver/Inc/stm32wlxx_ll_bus.h:914:22:LL_APB1_GRP1_EnableClock	24	static
/home/jean/STM32CubeIDE/workspace_1.12.1/STM32WLE5_LL_Example/Driver/STM32WLxx_HAL_Driver/Inc/stm32wlxx_ll_bus.h:1018:22:LL_APB1_GRP1_DisableClock	16	static
/home/jean/STM32CubeIDE/workspace_1.12.1/STM32WLE5_LL_Example/Driver/STM32WLxx_HAL_Driver/Inc/stm32wlxx_ll_i2c.h:443:22:LL_I2C_Disable	16	static
/home/jean/STM32CubeIDE/workspace_1.12.1/STM32WLE5_LL_Example/Driver/STM32WLxx_HAL_Driver/Inc/stm32wlxx_ll_i2c.h:644:22:LL_I2C_EnableClockStretching	16	static
/home/jean/STM32CubeIDE/workspace_1.12.1/STM32WLE5_LL_Example/Driver/STM32WLxx_HAL_Driver/Inc/stm32wlxx_ll_i2c.h:764:22:LL_I2C_DisableGeneralCall	16	static
/home/jean/STM32CubeIDE/workspace_1.12.1/STM32WLE5_LL_Example/Driver/STM32WLxx_HAL_Driver/Inc/stm32wlxx_ll_i2c.h:897:22:LL_I2C_DisableOwnAddress2	16	static
/home/jean/STM32CubeIDE/workspace_1.12.1/STM32WLE5_LL_Example/Driver/STM32WLxx_HAL_Driver/Inc/stm32wlxx_ll_i2c.h:1320:22:LL_I2C_EnableIT_RX	16	static
/home/jean/STM32CubeIDE/workspace_1.12.1/STM32WLE5_LL_Example/Driver/STM32WLxx_HAL_Driver/Inc/stm32wlxx_ll_i2c.h:1578:26:LL_I2C_IsActiveFlag_RXNE	16	static
/home/jean/STM32CubeIDE/workspace_1.12.1/STM32WLE5_LL_Example/Driver/STM32WLxx_HAL_Driver/Inc/stm32wlxx_ll_i2c.h:1879:22:LL_I2C_EnableAutoEndMode	16	static
/home/jean/STM32CubeIDE/workspace_1.12.1/STM32WLE5_LL_Example/Driver/STM32WLxx_HAL_Driver/Inc/stm32wlxx_ll_i2c.h:2218:25:LL_I2C_ReceiveData8	16	static
../Project_Folders/User/peripheral/I2C/I2C.c:18:7:I2c_Init	32	static
../Project_Folders/User/peripheral/I2C/I2C.c:69:7:I2C1_EV_IRQHandler	8	static
