../Project_Folders/ST/ST.c/syscalls.c:44:6:initialise_monitor_handles	4	static
../Project_Folders/ST/ST.c/syscalls.c:48:5:_getpid	4	static
../Project_Folders/ST/ST.c/syscalls.c:53:5:_kill	16	static
../Project_Folders/ST/ST.c/syscalls.c:61:6:_exit	16	static
../Project_Folders/ST/ST.c/syscalls.c:67:27:_read	32	static
../Project_Folders/ST/ST.c/syscalls.c:80:27:_write	32	static
../Project_Folders/ST/ST.c/syscalls.c:92:5:_close	16	static
../Project_Folders/ST/ST.c/syscalls.c:98:5:_fstat	16	static
../Project_Folders/ST/ST.c/syscalls.c:105:5:_isatty	16	static
../Project_Folders/ST/ST.c/syscalls.c:111:5:_lseek	24	static
../Project_Folders/ST/ST.c/syscalls.c:119:5:_open	12	static
../Project_Folders/ST/ST.c/syscalls.c:127:5:_wait	16	static
../Project_Folders/ST/ST.c/syscalls.c:134:5:_unlink	16	static
../Project_Folders/ST/ST.c/syscalls.c:141:5:_times	16	static
../Project_Folders/ST/ST.c/syscalls.c:147:5:_stat	16	static
../Project_Folders/ST/ST.c/syscalls.c:154:5:_link	16	static
../Project_Folders/ST/ST.c/syscalls.c:162:5:_fork	8	static
../Project_Folders/ST/ST.c/syscalls.c:168:5:_execve	24	static
