/home/jean/STM32CubeIDE/workspace_1.12.1/STM32WLE5_LL_Exemple/Driver/STM32WLxx_HAL_Driver/Inc/stm32wlxx_ll_bus.h:1374:22:LL_APB2_GRP1_ForceReset	16	static
/home/jean/STM32CubeIDE/workspace_1.12.1/STM32WLE5_LL_Exemple/Driver/STM32WLxx_HAL_Driver/Inc/stm32wlxx_ll_bus.h:1397:22:LL_APB2_GRP1_ReleaseReset	16	static
/home/jean/STM32CubeIDE/workspace_1.12.1/STM32WLE5_LL_Exemple/Driver/STM32WLxx_HAL_Driver/Inc/stm32wlxx_ll_adc.h:1669:22:LL_ADC_SetCommonClock	16	static
/home/jean/STM32CubeIDE/workspace_1.12.1/STM32WLE5_LL_Exemple/Driver/STM32WLxx_HAL_Driver/Inc/stm32wlxx_ll_adc.h:2284:22:LL_ADC_REG_SetTriggerSource	16	static
/home/jean/STM32CubeIDE/workspace_1.12.1/STM32WLE5_LL_Exemple/Driver/STM32WLxx_HAL_Driver/Inc/stm32wlxx_ll_adc.h:2437:26:LL_ADC_REG_GetSequencerConfigurable	16	static
/home/jean/STM32CubeIDE/workspace_1.12.1/STM32WLE5_LL_Exemple/Driver/STM32WLxx_HAL_Driver/Inc/stm32wlxx_ll_adc.h:2509:22:LL_ADC_REG_SetSequencerLength	16	static
/home/jean/STM32CubeIDE/workspace_1.12.1/STM32WLE5_LL_Exemple/Driver/STM32WLxx_HAL_Driver/Inc/stm32wlxx_ll_adc.h:4220:22:LL_ADC_Disable	16	static
/home/jean/STM32CubeIDE/workspace_1.12.1/STM32WLE5_LL_Exemple/Driver/STM32WLxx_HAL_Driver/Inc/stm32wlxx_ll_adc.h:4239:26:LL_ADC_IsEnabled	16	static
/home/jean/STM32CubeIDE/workspace_1.12.1/STM32WLE5_LL_Exemple/Driver/STM32WLxx_HAL_Driver/Inc/stm32wlxx_ll_adc.h:4250:26:LL_ADC_IsDisableOngoing	16	static
/home/jean/STM32CubeIDE/workspace_1.12.1/STM32WLE5_LL_Exemple/Driver/STM32WLxx_HAL_Driver/Inc/stm32wlxx_ll_adc.h:4350:22:LL_ADC_REG_StopConversion	16	static
/home/jean/STM32CubeIDE/workspace_1.12.1/STM32WLE5_LL_Exemple/Driver/STM32WLxx_HAL_Driver/Inc/stm32wlxx_ll_adc.h:4366:26:LL_ADC_REG_IsConversionOngoing	16	static
/home/jean/STM32CubeIDE/workspace_1.12.1/STM32WLE5_LL_Exemple/Driver/STM32WLxx_HAL_Driver/Inc/stm32wlxx_ll_adc.h:4377:26:LL_ADC_REG_IsStopConversionOngoing	16	static
/home/jean/STM32CubeIDE/workspace_1.12.1/STM32WLE5_LL_Exemple/Driver/STM32WLxx_HAL_Driver/Inc/stm32wlxx_ll_adc.h:4500:26:LL_ADC_IsActiveFlag_CCRDY	16	static
/home/jean/STM32CubeIDE/workspace_1.12.1/STM32WLE5_LL_Exemple/Driver/STM32WLxx_HAL_Driver/Inc/stm32wlxx_ll_adc.h:4613:22:LL_ADC_ClearFlag_CCRDY	16	static
../Driver/STM32WLxx_HAL_Driver/Src/stm32wlxx_ll_adc.c:210:13:LL_ADC_CommonDeInit	16	static
../Driver/STM32WLxx_HAL_Driver/Src/stm32wlxx_ll_adc.c:239:13:LL_ADC_CommonInit	24	static
../Driver/STM32WLxx_HAL_Driver/Src/stm32wlxx_ll_adc.c:276:6:LL_ADC_CommonStructInit	16	static
../Driver/STM32WLxx_HAL_Driver/Src/stm32wlxx_ll_adc.c:300:13:LL_ADC_DeInit	24	static
../Driver/STM32WLxx_HAL_Driver/Src/stm32wlxx_ll_adc.c:513:13:LL_ADC_Init	24	static
../Driver/STM32WLxx_HAL_Driver/Src/stm32wlxx_ll_adc.c:566:6:LL_ADC_StructInit	16	static
../Driver/STM32WLxx_HAL_Driver/Src/stm32wlxx_ll_adc.c:617:13:LL_ADC_REG_Init	24	static
../Driver/STM32WLxx_HAL_Driver/Src/stm32wlxx_ll_adc.c:725:6:LL_ADC_REG_StructInit	16	static
